Load map
========

Module:  colony.obj
 Text segment:  652 bytes, load point 0x00400000
 Data segment:  432 bytes, load point 0x10000000
 Symbols:
                    Name Section Mode    Value
  input_b_locations_loop   Text   R   0x004001f8
           colony_banner   Data   R   0x10000154
                    done   Text   R   0x00400260
       input_generations   Text   R   0x004000b0
           input_b_alive   Text   R   0x004001b0
              error_size   Data   R   0x100000a6
                   input   Text   R   0x0040003c
       input_b_locations   Text   R   0x004001f0
                       a   Data   R   0x1000019b
                       b   Data   R   0x1000019c
   error_start_locations   Data   R   0x10000136
          prompt_b_alive   Data   R   0x10000062
             error_alive   Data   R   0x10000103
             prompt_size   Data   R   0x10000000
                  MALLOC          A   0x00000009
              input_size   Text   R   0x00400044
          READ_CHARACTER          A   0x0000000c
            PRINT_STRING          A   0x00000004
                    main   Text   R   0x00400000
            print_banner   Text   R   0x0040002c
       input_a_locations   Text   R   0x00400130
            FRAMESIZE_40          A   0x00000028
          prompt_a_alive   Data   R   0x10000038
        prompt_locations   Data   R   0x1000008c
  input_a_locations_loop   Text   R   0x00400138
       error_generations   Data   R   0x100000cf
             param_block   Data   R   0x100001a0
               PRINT_INT          A   0x00000001
              PRINT_CHAR          A   0x0000000b
           input_a_alive   Text   R   0x004000f0
      prompt_generations   Data   R   0x10000013
            READ_INTEGER          A   0x00000005

Module:  r2k_startup.obj
 Text segment:  36 bytes, load point 0x0040028c
 Symbols:
                    Name Section Mode    Value
               SYS_EXIT2          A   0x00000011
          __r2k__entry__   Text   RG  0x00400290
